// Jest Snapshot v1, https://goo.gl/fbAQLP

exports[`level difficulty grades every level against the targets 1`] = `
[
  {
    "baselineFails": true,
    "decoyStrength": 1,
    "failsTargets": [
      "selectivity 0.50 above 0.34: too many options win",
      "outcomeSpread 1 below 2: most options do nothing the baseline did not",
      "winMargin 0 below 1: every way of winning is equally good",
    ],
    "levelId": "level-01",
    "options": 2,
    "outcomeSpread": 1,
    "selectivity": 0.5,
    "waysToWin": 1,
    "winMargin": 0,
  },
  {
    "baselineFails": true,
    "decoyStrength": 0,
    "failsTargets": [
      "selectivity 0.50 above 0.34: too many options win",
      "decoyStrength 0 below 1: no near-miss to learn from",
      "outcomeSpread 1 below 2: most options do nothing the baseline did not",
      "winMargin 0 below 1: every way of winning is equally good",
    ],
    "levelId": "level-02",
    "options": 2,
    "outcomeSpread": 1,
    "selectivity": 0.5,
    "waysToWin": 1,
    "winMargin": 0,
  },
  {
    "baselineFails": true,
    "decoyStrength": 0,
    "failsTargets": [
      "decoyStrength 0 below 1: no near-miss to learn from",
      "winMargin 0 below 1: every way of winning is equally good",
    ],
    "levelId": "level-03",
    "options": 4,
    "outcomeSpread": 2,
    "selectivity": 0.25,
    "waysToWin": 1,
    "winMargin": 0,
  },
  {
    "baselineFails": true,
    "decoyStrength": 0,
    "failsTargets": [
      "decoyStrength 0 below 1: no near-miss to learn from",
      "winMargin 0 below 1: every way of winning is equally good",
    ],
    "levelId": "level-04",
    "options": 4,
    "outcomeSpread": 3,
    "selectivity": 0.25,
    "waysToWin": 1,
    "winMargin": 0,
  },
  {
    "baselineFails": true,
    "decoyStrength": 0,
    "failsTargets": [
      "decoyStrength 0 below 1: no near-miss to learn from",
      "outcomeSpread 1 below 2: most options do nothing the baseline did not",
      "winMargin 0 below 1: every way of winning is equally good",
    ],
    "levelId": "level-05",
    "options": 4,
    "outcomeSpread": 1,
    "selectivity": 0.25,
    "waysToWin": 1,
    "winMargin": 0,
  },
  {
    "baselineFails": true,
    "decoyStrength": 0,
    "failsTargets": [
      "selectivity 0.50 above 0.34: too many options win",
      "decoyStrength 0 below 1: no near-miss to learn from",
      "winMargin 0 below 1: every way of winning is equally good",
    ],
    "levelId": "level-06",
    "options": 4,
    "outcomeSpread": 4,
    "selectivity": 0.5,
    "waysToWin": 2,
    "winMargin": 0,
  },
  {
    "baselineFails": true,
    "decoyStrength": 0,
    "failsTargets": [
      "decoyStrength 0 below 1: no near-miss to learn from",
      "winMargin 0 below 1: every way of winning is equally good",
    ],
    "levelId": "level-07",
    "options": 4,
    "outcomeSpread": 2,
    "selectivity": 0.25,
    "waysToWin": 1,
    "winMargin": 0,
  },
  {
    "baselineFails": true,
    "decoyStrength": 3,
    "failsTargets": [
      "outcomeSpread 1 below 2: most options do nothing the baseline did not",
      "winMargin 0 below 1: every way of winning is equally good",
    ],
    "levelId": "level-08",
    "options": 4,
    "outcomeSpread": 1,
    "selectivity": 0.25,
    "waysToWin": 1,
    "winMargin": 0,
  },
  {
    "baselineFails": true,
    "decoyStrength": 0,
    "failsTargets": [
      "decoyStrength 0 below 1: no near-miss to learn from",
      "winMargin 0 below 1: every way of winning is equally good",
    ],
    "levelId": "level-09",
    "options": 4,
    "outcomeSpread": 2,
    "selectivity": 0.25,
    "waysToWin": 1,
    "winMargin": 0,
  },
  {
    "baselineFails": true,
    "decoyStrength": 0,
    "failsTargets": [
      "decoyStrength 0 below 1: no near-miss to learn from",
      "winMargin 0 below 1: every way of winning is equally good",
    ],
    "levelId": "level-10",
    "options": 6,
    "outcomeSpread": 4,
    "selectivity": 0.17,
    "waysToWin": 1,
    "winMargin": 0,
  },
  {
    "baselineFails": true,
    "decoyStrength": 4,
    "failsTargets": [],
    "levelId": "level-11",
    "options": 6,
    "outcomeSpread": 2,
    "selectivity": 0.33,
    "waysToWin": 2,
    "winMargin": 4,
  },
  {
    "baselineFails": true,
    "decoyStrength": 4,
    "failsTargets": [],
    "levelId": "level-12",
    "options": 6,
    "outcomeSpread": 2,
    "selectivity": 0.33,
    "waysToWin": 2,
    "winMargin": 4,
  },
  {
    "baselineFails": true,
    "decoyStrength": 4,
    "failsTargets": [],
    "levelId": "level-13",
    "options": 6,
    "outcomeSpread": 2,
    "selectivity": 0.33,
    "waysToWin": 2,
    "winMargin": 4,
  },
  {
    "baselineFails": true,
    "decoyStrength": 4,
    "failsTargets": [],
    "levelId": "level-14",
    "options": 6,
    "outcomeSpread": 2,
    "selectivity": 0.33,
    "waysToWin": 2,
    "winMargin": 4,
  },
]
`;
